1. root 패스워드 생성또는변경
#> passwd root
새패스워드, 확인패스워드 입력

2. root 계정으로 ssh 접속방법
#> vi /etc/ssh/sshd_config
=>#PermitRootLogin prohibit-password
=>주석제거후, PermitRootLogin yes 수정

3. sshd 설정 적용
#> systemctl restart sshd

4. ssh 접속 설정

1) ssh server 설치 유무 확인
#> dpkg -l | grep openssh

2) ssh server 없으면 설치
#> apt-get install openssh-server

3) server ip address 확인
#> ifconfig

4) putty 접속확인
==> pc에서 확인

5. openJDK 8 설치
1) 설치
~# sudo apt install openjdk-8-jdk
2) 설치확인
~# java -version

6. tomcat 8 설치
참고 : https://linuxhint.com/install_tomcat_ubuntu/

1) 설치
~# sudo pat install tomcat8
2) 설치확인
~# sudo systemctl status tomcat8
3) tomcat8 stop
~# sudo systemctl stop tomcat8
4) tomcat8 start
~# sudo systemctl start tomcat8
5) 시스템부팅시tomcat8실행토록
~# sudo systemctl enable tomcat8

7. mysql 5.7.23 설치(5.7.5 이하와 이상과의 명령어 차이 있음)
참고 : https://dejavuqa.tistory.com/317

1) 설치
~# sudo apt-get install mysql-server
2) 포트열어주기
~# sudo apt-get install mysql-server
3) mysql 실행/몀춤
~# sudo systemctl start mysql
4) 시스템부팅시mysql실행토록
~# sudo systemctl enable mysql
5) mysql 접속
~# sudo /usr/bin/mysql -u root -p
=> 접속결과 mysql>  프롬프트 보임
6) mysql 정보확인
mysql> mysql> SHOW VARIABLES LIKE "%version%";
7) mysql root 패스워드설정
mysql> ALTER USER 'root'@'localhost' IDENTIFIED BY '1234567890!';
8) mysql root 외부접근계정 생성 
mysql> CREATE USER 'root'@'%' IDENTIFIED BY '1234567890!';
9) mysql root 권한 설정
mysql> GRANT ALL PRIVILEGES ON * . * TO 'root'@'%' WITH GRANT OPTION; 
10) 설정사항 반영
mysql> FLUSH PRIVILEGES;
11) 외부에서  mysql  접속되도록 설정
~# vi /etc/mysql/mysql.conf.d/mysqld.cnf
bind-address 부분 주석처리 => #bind-address
12) mysql 재실행
~# systemctl restart mysql
13) mysql encoding 설정
~$ vi /etc/mysql/mysqld.conf.d/mysqld.cnf


[mysqld_safe]
default-character-set=utf8

[mysqld]
character-set-server=utf8
collation-server=utf8_general_ci
init_connect = set collation_connection = utf8_general_ci
init_connect = set names utf8

[mysql]
default-character-set=utf8

[client]
default-character-set=utf8

[mysqldump]
default-character-set=utf8

입력후 저장


출처: https://tristan91.tistory.com/308 [개발모음집]

14) mysql 재실행
~# systemctl restart mysql

15) db 튜닝
참고 : https://tristan91.tistory.com/308
32GByte 70% : 16106127360
SET GLOBAL innodb_change_buffer_max_size=45;
SET GLOBAL innodb_buffer_pool_size=11811160064;

16) mysql 완전삭제
참고 : https://www.codegrepper.com/code-examples/delphi/remove+mysql+from+ubuntu+18.04+completely

17) mysql 복구
참고 : https://xinet.kr/?p=2611

18) mysql 테이블명 등 대소문자 구분안하기 설정
[mysqld]
lower_case_table_names = 1

19) group by error : sql_mode 설정
[mysqld]
sql_mode=STRICT_TRANS_TABLES,NO_ZERO_IN_DATE,NO_ZERO_DATE,ERROR_FOR_DIVISION_BY_ZERO,NO_AUTO_CREATE_USER,NO_ENGINE_SUBSTITUTION


**** 참고 : kec 경우, tb_manufac 테이블을 특정 user에게 권한 부여
CREATE USER 'manufac'@'%' IDENTIFIED BY 'manufac!@';
grant all privileges on ems_db.tb_manufac  to 'manufac'@'%';
FLUSH PRIVILEGES;